INFO     Python 3.14.7; load average 6.0 on 11 CPUs at the start; defect cases run 4 at a time

A        control (no defect), all six maps: exit 0, 0 FAIL lines, 53 s
B        control (no defect), all six maps: exit 0, 0 FAIL lines, 2 s
L        control (no defect), F and G in Lean: exit 0, 0 FAIL lines, 14 s

gate  planted defect                                 exit  FAILs   secs  first FAIL line
A     F6 stage coefficient 355 -> 356                1         5      1  FAIL  F6  polynomial map: x^e_i divides E_i(stage(v)) for every i (exact)  [1 monomials of low x-degree]
B     F6 stage coefficient 355 -> 356                1         1      0  FAIL  F6  every component is a polynomial (no negative power of x after the twist)
A     F7 potential G2: w1**3 -> 2*w1**3              1        10     59  FAIL  F7  base point ['1', '1', '0', '-1']: E_i(base) = 0 for all i
B     F7 potential G2: w1**3 -> 2*w1**3              1         3      0  FAIL  F7  E_i vanish at the base point ['1', '1', '0', '-1']
A     printed F_{4,2}: 22/9 -> 23/9 in the LaTeX     1         1      0  FAIL  F4  component 2 equals the paper's printed F_{4,2} (32 terms)  [1 differing terms]
B     printed F_{4,2}: 22/9 -> 23/9 in the LaTeX     1         1      0  FAIL  F4  component 2 equals the printed F_{4,2} term by term mod p  [32 terms]
A     printed F_{6,1}: 355 -> 356 in the LaTeX       1         1      1  FAIL  F6  component 1 equals the paper's printed F_{6,1} (6 terms)  [1 differing terms]
B     printed F_{6,1}: 355 -> 356 in the LaTeX       1         1      0  FAIL  F6  component 1 equals the printed F_{6,1} term by term mod p  [6 terms]
A     printed F_{4,2} edited, checksum left stale    1         2      0  FAIL  src LaTeX source sha256 62bc1bf23d11... matches recipes.TEX_SHA256
A     F5 det claim 160/29 -> 161/29                  1         3      0  FAIL  F5  chain factorization x^(sum m) * detL * gamma^(sum d) * c gamma^(k+1) * (gamma x)^(-sum e) = 161/29  [sign +1 * c 1 * detL 160/29 = 160/29]
B     F5 det claim 160/29 -> 161/29                  1         3      0  FAIL  F5  claimed det 161/29 = sign +1 * c 1 * det L 160/29
A     F6 degree claim 44 -> 45                       1         1      1  FAIL  F6  component degrees [7, 38, 40, 42, 45]  [got [7, 38, 40, 42, 44]]
B     F6 degree claim 44 -> 45                       1         1      0  FAIL  F6  component degrees [7, 38, 40, 42, 45]  [got [7, 38, 40, 42, 44]]
A     F6 term-count claim 904 -> 905                 1         1      1  FAIL  F6  term counts stated by the paper (component 1: 6, component 2: 342, component 3: 421, component 4: 507, component 5: 905)  [got [6, 342, 421, 507, 904]
B     F6 term-count claim 904 -> 905                 1         1      0  FAIL  F6  term counts stated by the paper (component 1: 6, component 2: 342, component 3: 421, component 4: 507, component 5: 905)
A     F collision image -1/4 -> -1/5                 1         3      0  FAIL  F   F(0, 0, -1/4) = (-1/5, 0, 0) over Q  [got (-1/4, 0, 0)]
B     F collision image -1/4 -> -1/5                 1         3      0  FAIL  F   over Q: F(0, 0, -1/4) = (-1/5, 0, 0)
A     F5 witness fiber 10 -> 9 points                1         1      1  FAIL  F5  fiber over paper witness v=(1/2,2/3,-1/3,1): Groebner basis in shape form, R(w1) of degree 10, 10 roots with gamma != 0, all simple  [expected 9 point
A     F7 witness fiber 12 -> 11 points               1         1     54  FAIL  F7  fiber over paper witness Y=(1,2,-1,3): Groebner basis in shape form, R(w1) of degree 12, 12 roots with gamma != 0, all simple  [expected 11 points]
A     G tangency quartic 2Y -> 3Y                    1         4      1  FAIL  G   App. A.2: Res_w(W, X - p(w)) = -E/64
A     F fiber polynomial: -2*Y2 -> -3*Y2             1         2      0  FAIL  F     R(w1) equals the paper's fiber polynomial at this target, up to a constant factor
A     F6 axis polynomial R_0: 2*w1**3 - 1 -> + 1     1         1      1  FAIL  F6  axis: R_0 equals the paper's factored form up to a constant
A     F6 gradient of E_2 at the base point: 2 -> 3   1         1      1  FAIL  F6  gradients of E_2, E_3, E_4 at the base point match the paper  [[[-16, -17, 3, 2], [-17, -18, 5, 3], [-2, -2, 0, 1]]]
B     F6 gradient of E_2 at the base point: 2 -> 3   1         1      0  FAIL  F6  gradients of E_2..E_4 at the base point equal the paper's
A     Thm 3.4 c_3: 16*v1 -> 17*v1                    1         3      0  FAIL  F   Thm 3.4: h_1 = c_3 x^3 + (4 - 3 v2 v3) x - 2 v3 and a_2 = dc_3/dv_1
A     F empty-fiber target moved off the cusp curve  1         1      0  FAIL  F   fiber over cusp preimage t=1 (curve C, empty fiber): Groebner basis in shape form, R(w1) of degree 3, 3 roots with gamma != 0, all simple  [expected 0
A     G empty-fiber target moved off the node        1         1      1  FAIL  G   fiber over node (X,Y)=(-4,1/2) (empty fiber): Groebner basis in shape form, R(w1) of degree 4, 4 roots with gamma != 0, all simple  [expected 0 points
B     A's F4 fingerprint value +1                    1         1      0  FAIL  F4  B's rebuild agrees with A's at A's 3 fingerprint points, and term counts agree
A     G collision point 13/6 -> 13/5 in recipes.py   1         2      1  FAIL  G   G(-2, 5/6, 13/5) = (0, 1, 0) over Q  [got (52/15, -5261/6075, -1222/6075)]
B     G collision point 13/6 -> 13/5 in recipes.py   1         1      0  FAIL  G   over Q: G(-2, 5/6, 13/5) = (0, 1, 0)
L     G collision point 13/6 -> 13/5 in recipes.py   1         1     10  FAIL  L   G_collision states the 3 points and the image of recipes.py  [stated [([Fraction(0, 1), Fraction(1, 2), Fraction(-9, 4)], [Fraction(0, 1), Fraction(1,
L     Lean: F_keller proved by sorry                 1         3     10  FAIL  L   no `sorry` anywhere in the output
L     Lean: axiom cheat : False proves G_keller      1         2      4  FAIL  L   G_keller: axioms ['KellerCE.cheat'] are among propext, Classical.choice, Quot.sound (read by the probe from the compiled module)  [extra: ['KellerCE.c
L     Lean: kernel check off, G_keller from False    1         1      7  FAIL  L   kernel replay: leanchecker, in a separate process, re-checks every declaration of KellerCE in the kernel and accepts them all  [leanchecker found a pr
L     Lean: axiom cheat, #print axioms faked         1         2      5  FAIL  L   G_keller: axioms ['KellerCE.cheat'] are among propext, Classical.choice, Quot.sound (read by the probe from the compiled module)  [extra: ['KellerCE.c
L     Lean: Function.Injective shadowed by := False  1         2     11  FAIL  L   F_counterexample: the KellerCE constants its statement mentions are exactly jacDet, F, Dual, instAddDual, instSubDual, instMulDualOfAdd, instHPowDualN
L     Lean: false claim det J(F) = -3                1        16      6  FAIL  L   lean KellerCE.lean exits 0 with no errors  [exit 1; KellerCE.lean:103:2: error: `grind` failed]
L     Lean: native_decide in G_collision             1         1     10  FAIL  L   G_collision: axioms ['Classical.choice', 'KellerCE.G_collision._native.native_decide.ax_1_1', 'Quot.sound', 'propext'] are among propext, Classical.ch
L     Lean: G coefficient 43/2 -> 45/2               1        16     12  FAIL  L   lean KellerCE.lean exits 0 with no errors  [exit 1; KellerCE.lean:109:2: error: `grind` failed]
L     Lean: det3 cofactor sign - v.1 -> + v.1        1        15      5  FAIL  L   lean KellerCE.lean exits 0 with no errors  [exit 1; KellerCE.lean:103:2: error: `grind` failed]

SUMMARY  40 of 40 planted-defect gate runs reported the defect (nonzero exit and a FAIL line); control run clean; 129 s; load average 9.0 on 11 CPUs at the end
real 129.35
user 254.54
sys 14.72
