INFO  env Python 3.14.7; standard library only; load average 6.2 on 11 CPUs
INFO  F   === Alpoge's map F (Section 3.4) ===
PASS  F   det J_(gamma,w)(S) = 2 gamma^1 as a polynomial identity mod p
PASS  F   sum m = sum e = sum d + k + 1
PASS  F   E_i = S_i(gamma, gamma^d u) / gamma^e_i has no negative gamma exponent
PASS  F   stage Jacobian determinant is the constant 1 (polynomial identity mod p)
PASS  F   claimed det -2 = sign -1 * c 2 * det L 1
PASS  F   every component is a polynomial (no negative power of x after the twist)
INFO  F   rebuilt mod p in 0.0 s; term counts [7, 6, 3]
PASS  F   component degrees [7, 6, 4]  [got [7, 6, 4]]
PASS  F   component 1 equals the printed f_1 term by term mod p  [7 terms]
PASS  F   component 2 equals the printed f_2 term by term mod p  [6 terms]
PASS  F   component 3 equals the printed f_3 term by term mod p  [3 terms]
PASS  F   det J(F) = -2 as a polynomial identity mod p (Leibniz expansion)  [0.0 s]
PASS  F   det J(F) = -2 at 3 random points of GF(p)^3  [0.0 s]
PASS  F   A's fingerprint for this map is present and uses p = 2^61 - 1
PASS  F   B's rebuild agrees with A's at A's 3 fingerprint points, and term counts agree
INFO  F   done in 0.0 s
PASS  F   over Q: F(0, 0, -1/4) = (-1/4, 0, 0)
PASS  F   over Q: F(1, -3/2, 13/2) = (-1/4, 0, 0)
PASS  F   over Q: F(-1, 3/2, 13/2) = (-1/4, 0, 0)
PASS  F   over Q: the 3 points are pairwise distinct
INFO  G   === The degree-four map G (Section 3.5) ===
PASS  G   det J_(gamma,w)(S) = 2 gamma^1 as a polynomial identity mod p
PASS  G   sum m = sum e = sum d + k + 1
PASS  G   E_i = S_i(gamma, gamma^d u) / gamma^e_i has no negative gamma exponent
PASS  G   stage Jacobian determinant is the constant 1 (polynomial identity mod p)
PASS  G   claimed det 2 = sign +1 * c 2 * det L 1
PASS  G   every component is a polynomial (no negative power of x after the twist)
INFO  G   rebuilt mod p in 0.0 s; term counts [3, 14, 16]
PASS  G   component degrees [4, 11, 12]  [got [4, 11, 12]]
PASS  G   component 1 equals the printed g_1 term by term mod p  [3 terms]
PASS  G   component 2 equals the printed g_2 term by term mod p  [14 terms]
PASS  G   component 3 equals the printed g_3 term by term mod p  [16 terms]
PASS  G   det J(G) = 2 as a polynomial identity mod p (Leibniz expansion)  [0.0 s]
PASS  G   det J(G) = 2 at 3 random points of GF(p)^3  [0.0 s]
PASS  G   A's fingerprint for this map is present and uses p = 2^61 - 1
PASS  G   B's rebuild agrees with A's at A's 3 fingerprint points, and term counts agree
INFO  G   done in 0.0 s
PASS  G   over Q: G(0, 1/2, -9/4) = (0, 1, 0)
PASS  G   over Q: G(2, -1/2, 3/2) = (0, 1, 0)
PASS  G   over Q: G(-2, 5/6, 13/6) = (0, 1, 0)
PASS  G   over Q: the 3 points are pairwise distinct
PASS  G   over Q: G(0, 1/2, -1/4) = (0, 1, 1)
INFO  F4  === F_4 (Section 4.4.1, Specialization I) ===
PASS  F4  det J_(gamma,w)(S) = 2 gamma^1 as a polynomial identity mod p
PASS  F4  sum m = sum e = sum d + k + 1
PASS  F4  E_i = S_i(gamma, gamma^d u) / gamma^e_i has no negative gamma exponent
PASS  F4  stage Jacobian determinant is the constant -22/9 (polynomial identity mod p)
PASS  F4  claimed det -44/9 = sign +1 * c 2 * det L -22/9
PASS  F4  every component is a polynomial (no negative power of x after the twist)
INFO  F4  rebuilt mod p in 0.0 s; term counts [3, 32, 39, 114]
PASS  F4  component degrees [4, 11, 12, 21]  [got [4, 11, 12, 21]]
PASS  F4  component 1 equals the printed F_{4,1} term by term mod p  [3 terms]
PASS  F4  component 2 equals the printed F_{4,2} term by term mod p  [32 terms]
PASS  F4  component 3 equals the printed F_{4,3} term by term mod p  [39 terms]
PASS  F4  component 4 equals the printed F_{4,4} term by term mod p  [114 terms]
PASS  F4  det J(F4) = -44/9 as a polynomial identity mod p (Leibniz expansion)  [0.0 s]
PASS  F4  det J(F4) = -44/9 at 3 random points of GF(p)^4  [0.0 s]
PASS  F4  A's fingerprint for this map is present and uses p = 2^61 - 1
PASS  F4  B's rebuild agrees with A's at A's 3 fingerprint points, and term counts agree
INFO  F4  done in 0.1 s
INFO  F5  === F_5 (Section 4.4.2, Specialization II) ===
PASS  F5  det J_(gamma,w)(S) = 1 gamma^2 as a polynomial identity mod p
PASS  F5  sum m = sum e = sum d + k + 1
PASS  F5  E_i = S_i(gamma, gamma^d u) / gamma^e_i has no negative gamma exponent
PASS  F5  stage Jacobian determinant is the constant 160/29 (polynomial identity mod p)
PASS  F5  claimed det 160/29 = sign +1 * c 1 * det L 160/29
PASS  F5  every component is a polynomial (no negative power of x after the twist)
INFO  F5  rebuilt mod p in 0.0 s; term counts [2, 24, 34, 54]
PASS  F5  component degrees [3, 12, 14, 16]  [got [3, 12, 14, 16]]
PASS  F5  component 1 equals the printed F_{5,1} term by term mod p  [2 terms]
PASS  F5  component 2 equals the printed F_{5,2} term by term mod p  [24 terms]
PASS  F5  component 3 equals the printed F_{5,3} term by term mod p  [34 terms]
PASS  F5  component 4 equals the printed F_{5,4} term by term mod p  [54 terms]
PASS  F5  sweep X_1 equals the paper's display mod p
PASS  F5  sweep X_2 equals the paper's display mod p
PASS  F5  sweep X_3 equals the paper's display mod p
PASS  F5  det J(F5) = 160/29 as a polynomial identity mod p (Leibniz expansion)  [0.0 s]
PASS  F5  det J(F5) = 160/29 at 3 random points of GF(p)^4  [0.0 s]
PASS  F5  A's fingerprint for this map is present and uses p = 2^61 - 1
PASS  F5  B's rebuild agrees with A's at A's 3 fingerprint points, and term counts agree
INFO  F5  done in 0.0 s
INFO  F6  === F_6 (Section 4.5.1, bottom branch) ===
PASS  F6  det J_(gamma,w)(S) = 1 gamma^1 as a polynomial identity mod p
PASS  F6  sum m = sum e = sum d + k + 1
PASS  F6  E_i = S_i(gamma, gamma^d u) / gamma^e_i has no negative gamma exponent
PASS  F6  E_i vanish at the base point ['1', '1', '0', '0']
PASS  F6  gradients of E_2..E_4 at the base point equal the paper's
PASS  F6  stage Jacobian determinant is the constant -290 (polynomial identity mod p)
PASS  F6  claimed det -290 = sign +1 * c 1 * det L -290
PASS  F6  every component is a polynomial (no negative power of x after the twist)
INFO  F6  rebuilt mod p in 0.0 s; term counts [6, 342, 421, 507, 904]
PASS  F6  component degrees [7, 38, 40, 42, 44]  [got [7, 38, 40, 42, 44]]
PASS  F6  term counts stated by the paper (component 1: 6, component 2: 342, component 3: 421, component 4: 507, component 5: 904)
PASS  F6  component 1 equals the printed F_{6,1} term by term mod p  [6 terms]
PASS  F6  sweep X_1 equals the paper's display mod p
PASS  F6  sweep X_2 equals the paper's display mod p
PASS  F6  sweep X_3 equals the paper's display mod p
PASS  F6  sweep X_4 equals the paper's display mod p
PASS  F6  det J(F6) = -290 at 3 random points of GF(p)^5  [0.0 s]
PASS  F6  A's fingerprint for this map is present and uses p = 2^61 - 1
PASS  F6  B's rebuild agrees with A's at A's 3 fingerprint points, and term counts agree
INFO  F6  done in 0.0 s
INFO  F7  === F_7 (Section 4.6, curve-type family) ===
PASS  F7  det J_(gamma,w)(S) = 1 gamma^1 as a polynomial identity mod p
PASS  F7  sum m = sum e = sum d + k + 1
PASS  F7  E_i = S_i(gamma, gamma^d u) / gamma^e_i has no negative gamma exponent
PASS  F7  E_i vanish at the base point ['1', '1', '0', '-1']
PASS  F7  gradients of E_2..E_4 at the base point equal the paper's
PASS  F7  stage Jacobian determinant is the constant 119377 (polynomial identity mod p)
PASS  F7  claimed det 119377 = sign +1 * c 1 * det L 119377
PASS  F7  every component is a polynomial (no negative power of x after the twist)
INFO  F7  rebuilt mod p in 0.5 s; term counts [7, 14445, 17727, 21410, 25518]
PASS  F7  component degrees [7, 86, 89, 92, 95]  [got [7, 86, 89, 92, 95]]
PASS  F7  term counts stated by the paper (component 1: 7)
PASS  F7  components 2..5 have between 14000 and 26000 terms
PASS  F7  component 1 equals the printed F_{7,1} term by term mod p  [7 terms]
PASS  F7  det J(F7) = 119377 at 3 random points of GF(p)^5  [1.0 s]
PASS  F7  A's fingerprint for this map is present and uses p = 2^61 - 1
PASS  F7  B's rebuild agrees with A's at A's 3 fingerprint points, and term counts agree
INFO  F7  done in 1.8 s
SUMMARY (B)  103 passed, 0 failed
real 2.00
user 1.96
sys 0.02
